[0.138s] DEBUG:colcon:Command line arguments: ['/usr/bin/colcon', 'build', '--packages-select', 'turtlesim_plus', 'turtlesim_plus_interfaces']
[0.139s] DEBUG:colcon:Parsed command line arguments: Namespace(log_base=None, log_level=None, verb_name='build', build_base='build', install_base='install', merge_install=False, symlink_install=False, test_result_base=None, continue_on_error=False, executor='parallel', parallel_workers=12, event_handlers=None, ignore_user_meta=False, metas=['./colcon.meta'], base_paths=['.'], packages_ignore=None, packages_ignore_regex=None, paths=None, packages_up_to=None, packages_up_to_regex=None, packages_above=None, packages_above_and_dependencies=None, packages_above_depth=None, packages_select_by_dep=None, packages_skip_by_dep=None, packages_skip_up_to=None, packages_select_build_failed=False, packages_skip_build_finished=False, packages_select_test_failures=False, packages_skip_test_passed=False, packages_select=['turtlesim_plus', 'turtlesim_plus_interfaces'], packages_skip=None, packages_select_regex=None, packages_skip_regex=None, packages_start=None, packages_end=None, allow_overriding=[], cmake_args=None, cmake_target=None, cmake_target_skip_unavailable=False, cmake_clean_cache=False, cmake_clean_first=False, cmake_force_configure=False, ament_cmake_args=None, catkin_cmake_args=None, catkin_skip_building_tests=False, verb_parser=<colcon_defaults.argument_parser.defaults.DefaultArgumentsDecorator object at 0x7aa02bc27fd0>, verb_extension=<colcon_core.verb.build.BuildVerb object at 0x7aa02bd8b820>, main=<bound method BuildVerb.main of <colcon_core.verb.build.BuildVerb object at 0x7aa02bd8b820>>)
[0.373s] Level 1:colcon.colcon_core.package_discovery:discover_packages(colcon_meta) check parameters
[0.373s] Level 1:colcon.colcon_core.package_discovery:discover_packages(recursive) check parameters
[0.373s] Level 1:colcon.colcon_core.package_discovery:discover_packages(ignore) check parameters
[0.373s] Level 1:colcon.colcon_core.package_discovery:discover_packages(path) check parameters
[0.373s] Level 1:colcon.colcon_core.package_discovery:discover_packages(colcon_meta) discover
[0.374s] Level 1:colcon.colcon_core.package_discovery:discover_packages(recursive) discover
[0.374s] INFO:colcon.colcon_core.package_discovery:Crawling recursively for packages in '/home/pi31415/turtlesim_plus_ws/src/turtlesim_plus/turtlesim_plus'
[0.374s] Level 1:colcon.colcon_core.package_identification:_identify(.) by extensions ['ignore', 'ignore_ament_install']
[0.374s] Level 1:colcon.colcon_core.package_identification:_identify(.) by extension 'ignore'
[0.374s] Level 1:colcon.colcon_core.package_identification:_identify(.) by extension 'ignore_ament_install'
[0.374s] Level 1:colcon.colcon_core.package_identification:_identify(.) by extensions ['colcon_pkg']
[0.374s] Level 1:colcon.colcon_core.package_identification:_identify(.) by extension 'colcon_pkg'
[0.374s] Level 1:colcon.colcon_core.package_identification:_identify(.) by extensions ['colcon_meta']
[0.374s] Level 1:colcon.colcon_core.package_identification:_identify(.) by extension 'colcon_meta'
[0.374s] Level 1:colcon.colcon_core.package_identification:_identify(.) by extensions ['ros']
[0.374s] Level 1:colcon.colcon_core.package_identification:_identify(.) by extension 'ros'
[0.426s] Level 1:colcon.colcon_core.package_identification:_identify(.) by extensions ['cmake', 'python']
[0.426s] Level 1:colcon.colcon_core.package_identification:_identify(.) by extension 'cmake'
[0.426s] Level 1:colcon.colcon_core.package_identification:_identify(.) by extension 'python'
[0.426s] Level 1:colcon.colcon_core.package_identification:_identify(.) by extensions ['python_setup_py']
[0.426s] Level 1:colcon.colcon_core.package_identification:_identify(.) by extension 'python_setup_py'
[0.426s] Level 1:colcon.colcon_core.package_identification:_identify(__pycache__) by extensions ['ignore', 'ignore_ament_install']
[0.426s] Level 1:colcon.colcon_core.package_identification:_identify(__pycache__) by extension 'ignore'
[0.426s] Level 1:colcon.colcon_core.package_identification:_identify(__pycache__) by extension 'ignore_ament_install'
[0.426s] Level 1:colcon.colcon_core.package_identification:_identify(__pycache__) by extensions ['colcon_pkg']
[0.426s] Level 1:colcon.colcon_core.package_identification:_identify(__pycache__) by extension 'colcon_pkg'
[0.426s] Level 1:colcon.colcon_core.package_identification:_identify(__pycache__) by extensions ['colcon_meta']
[0.426s] Level 1:colcon.colcon_core.package_identification:_identify(__pycache__) by extension 'colcon_meta'
[0.426s] Level 1:colcon.colcon_core.package_identification:_identify(__pycache__) by extensions ['ros']
[0.426s] Level 1:colcon.colcon_core.package_identification:_identify(__pycache__) by extension 'ros'
[0.426s] Level 1:colcon.colcon_core.package_identification:_identify(__pycache__) by extensions ['cmake', 'python']
[0.426s] Level 1:colcon.colcon_core.package_identification:_identify(__pycache__) by extension 'cmake'
[0.426s] Level 1:colcon.colcon_core.package_identification:_identify(__pycache__) by extension 'python'
[0.426s] Level 1:colcon.colcon_core.package_identification:_identify(__pycache__) by extensions ['python_setup_py']
[0.426s] Level 1:colcon.colcon_core.package_identification:_identify(__pycache__) by extension 'python_setup_py'
[0.427s] Level 1:colcon.colcon_core.package_identification:_identify(build) by extensions ['ignore', 'ignore_ament_install']
[0.427s] Level 1:colcon.colcon_core.package_identification:_identify(build) by extension 'ignore'
[0.427s] Level 1:colcon.colcon_core.package_identification:_identify(build) ignored
[0.427s] Level 1:colcon.colcon_core.package_identification:_identify(image) by extensions ['ignore', 'ignore_ament_install']
[0.427s] Level 1:colcon.colcon_core.package_identification:_identify(image) by extension 'ignore'
[0.427s] Level 1:colcon.colcon_core.package_identification:_identify(image) by extension 'ignore_ament_install'
[0.427s] Level 1:colcon.colcon_core.package_identification:_identify(image) by extensions ['colcon_pkg']
[0.427s] Level 1:colcon.colcon_core.package_identification:_identify(image) by extension 'colcon_pkg'
[0.427s] Level 1:colcon.colcon_core.package_identification:_identify(image) by extensions ['colcon_meta']
[0.427s] Level 1:colcon.colcon_core.package_identification:_identify(image) by extension 'colcon_meta'
[0.427s] Level 1:colcon.colcon_core.package_identification:_identify(image) by extensions ['ros']
[0.427s] Level 1:colcon.colcon_core.package_identification:_identify(image) by extension 'ros'
[0.427s] Level 1:colcon.colcon_core.package_identification:_identify(image) by extensions ['cmake', 'python']
[0.427s] Level 1:colcon.colcon_core.package_identification:_identify(image) by extension 'cmake'
[0.427s] Level 1:colcon.colcon_core.package_identification:_identify(image) by extension 'python'
[0.427s] Level 1:colcon.colcon_core.package_identification:_identify(image) by extensions ['python_setup_py']
[0.427s] Level 1:colcon.colcon_core.package_identification:_identify(image) by extension 'python_setup_py'
[0.427s] Level 1:colcon.colcon_core.package_identification:_identify(image/map) by extensions ['ignore', 'ignore_ament_install']
[0.427s] Level 1:colcon.colcon_core.package_identification:_identify(image/map) by extension 'ignore'
[0.427s] Level 1:colcon.colcon_core.package_identification:_identify(image/map) by extension 'ignore_ament_install'
[0.427s] Level 1:colcon.colcon_core.package_identification:_identify(image/map) by extensions ['colcon_pkg']
[0.427s] Level 1:colcon.colcon_core.package_identification:_identify(image/map) by extension 'colcon_pkg'
[0.427s] Level 1:colcon.colcon_core.package_identification:_identify(image/map) by extensions ['colcon_meta']
[0.427s] Level 1:colcon.colcon_core.package_identification:_identify(image/map) by extension 'colcon_meta'
[0.428s] Level 1:colcon.colcon_core.package_identification:_identify(image/map) by extensions ['ros']
[0.428s] Level 1:colcon.colcon_core.package_identification:_identify(image/map) by extension 'ros'
[0.428s] Level 1:colcon.colcon_core.package_identification:_identify(image/map) by extensions ['cmake', 'python']
[0.428s] Level 1:colcon.colcon_core.package_identification:_identify(image/map) by extension 'cmake'
[0.428s] Level 1:colcon.colcon_core.package_identification:_identify(image/map) by extension 'python'
[0.428s] Level 1:colcon.colcon_core.package_identification:_identify(image/map) by extensions ['python_setup_py']
[0.428s] Level 1:colcon.colcon_core.package_identification:_identify(image/map) by extension 'python_setup_py'
[0.428s] Level 1:colcon.colcon_core.package_identification:_identify(image/object) by extensions ['ignore', 'ignore_ament_install']
[0.428s] Level 1:colcon.colcon_core.package_identification:_identify(image/object) by extension 'ignore'
[0.428s] Level 1:colcon.colcon_core.package_identification:_identify(image/object) by extension 'ignore_ament_install'
[0.428s] Level 1:colcon.colcon_core.package_identification:_identify(image/object) by extensions ['colcon_pkg']
[0.428s] Level 1:colcon.colcon_core.package_identification:_identify(image/object) by extension 'colcon_pkg'
[0.428s] Level 1:colcon.colcon_core.package_identification:_identify(image/object) by extensions ['colcon_meta']
[0.428s] Level 1:colcon.colcon_core.package_identification:_identify(image/object) by extension 'colcon_meta'
[0.428s] Level 1:colcon.colcon_core.package_identification:_identify(image/object) by extensions ['ros']
[0.428s] Level 1:colcon.colcon_core.package_identification:_identify(image/object) by extension 'ros'
[0.428s] Level 1:colcon.colcon_core.package_identification:_identify(image/object) by extensions ['cmake', 'python']
[0.428s] Level 1:colcon.colcon_core.package_identification:_identify(image/object) by extension 'cmake'
[0.428s] Level 1:colcon.colcon_core.package_identification:_identify(image/object) by extension 'python'
[0.428s] Level 1:colcon.colcon_core.package_identification:_identify(image/object) by extensions ['python_setup_py']
[0.428s] Level 1:colcon.colcon_core.package_identification:_identify(image/object) by extension 'python_setup_py'
[0.428s] Level 1:colcon.colcon_core.package_identification:_identify(image/turtle) by extensions ['ignore', 'ignore_ament_install']
[0.428s] Level 1:colcon.colcon_core.package_identification:_identify(image/turtle) by extension 'ignore'
[0.428s] Level 1:colcon.colcon_core.package_identification:_identify(image/turtle) by extension 'ignore_ament_install'
[0.428s] Level 1:colcon.colcon_core.package_identification:_identify(image/turtle) by extensions ['colcon_pkg']
[0.428s] Level 1:colcon.colcon_core.package_identification:_identify(image/turtle) by extension 'colcon_pkg'
[0.429s] Level 1:colcon.colcon_core.package_identification:_identify(image/turtle) by extensions ['colcon_meta']
[0.429s] Level 1:colcon.colcon_core.package_identification:_identify(image/turtle) by extension 'colcon_meta'
[0.429s] Level 1:colcon.colcon_core.package_identification:_identify(image/turtle) by extensions ['ros']
[0.429s] Level 1:colcon.colcon_core.package_identification:_identify(image/turtle) by extension 'ros'
[0.429s] Level 1:colcon.colcon_core.package_identification:_identify(image/turtle) by extensions ['cmake', 'python']
[0.429s] Level 1:colcon.colcon_core.package_identification:_identify(image/turtle) by extension 'cmake'
[0.429s] Level 1:colcon.colcon_core.package_identification:_identify(image/turtle) by extension 'python'
[0.429s] Level 1:colcon.colcon_core.package_identification:_identify(image/turtle) by extensions ['python_setup_py']
[0.429s] Level 1:colcon.colcon_core.package_identification:_identify(image/turtle) by extension 'python_setup_py'
[0.429s] Level 1:colcon.colcon_core.package_identification:_identify(install) by extensions ['ignore', 'ignore_ament_install']
[0.429s] Level 1:colcon.colcon_core.package_identification:_identify(install) by extension 'ignore'
[0.429s] Level 1:colcon.colcon_core.package_identification:_identify(install) ignored
[0.429s] Level 1:colcon.colcon_core.package_identification:_identify(log) by extensions ['ignore', 'ignore_ament_install']
[0.429s] Level 1:colcon.colcon_core.package_identification:_identify(log) by extension 'ignore'
[0.429s] Level 1:colcon.colcon_core.package_identification:_identify(log) ignored
[0.429s] Level 1:colcon.colcon_core.package_discovery:discover_packages(recursive) using defaults
[0.429s] Level 1:colcon.colcon_core.package_discovery:discover_packages(ignore) discover
[0.429s] Level 1:colcon.colcon_core.package_discovery:discover_packages(ignore) using defaults
[0.429s] Level 1:colcon.colcon_core.package_discovery:discover_packages(path) discover
[0.429s] Level 1:colcon.colcon_core.package_discovery:discover_packages(path) using defaults
[0.429s] WARNING:colcon.colcon_core.package_selection:ignoring unknown package 'turtlesim_plus' in --packages-select
[0.430s] WARNING:colcon.colcon_core.package_selection:ignoring unknown package 'turtlesim_plus_interfaces' in --packages-select
[0.449s] Level 1:colcon.colcon_core.package_discovery:discover_packages(prefix_path) check parameters
[0.449s] Level 1:colcon.colcon_core.package_discovery:discover_packages(prefix_path) discover
[0.451s] DEBUG:colcon.colcon_installed_package_information.package_discovery:Found 12 installed packages in /home/pi31415/ros2_ws/install
[0.453s] DEBUG:colcon.colcon_installed_package_information.package_discovery:Found 382 installed packages in /opt/ros/humble
[0.455s] Level 1:colcon.colcon_core.package_discovery:discover_packages(prefix_path) using defaults
[0.499s] INFO:colcon.colcon_core.executor:Executing jobs using 'parallel' executor
[0.500s] DEBUG:colcon.colcon_parallel_executor.executor.parallel:run_until_complete
[0.500s] DEBUG:colcon.colcon_parallel_executor.executor.parallel:closing loop
[0.501s] DEBUG:colcon.colcon_parallel_executor.executor.parallel:loop closed
[0.501s] DEBUG:colcon.colcon_parallel_executor.executor.parallel:run_until_complete finished with '0'
[0.501s] DEBUG:colcon.colcon_core.event_reactor:joining thread
[0.509s] INFO:colcon.colcon_core.plugin_system:Skipping extension 'colcon_notification.desktop_notification.terminal_notifier': Not used on non-Darwin systems
[0.509s] INFO:colcon.colcon_core.plugin_system:Skipping extension 'colcon_notification.desktop_notification.win32': Not used on non-Windows systems
[0.509s] INFO:colcon.colcon_notification.desktop_notification:Sending desktop notification using 'notify2'
[0.521s] DEBUG:colcon.colcon_core.event_reactor:joined thread
[0.523s] INFO:colcon.colcon_core.plugin_system:Skipping extension 'colcon_core.shell.bat': Not used on non-Windows systems
[0.524s] INFO:colcon.colcon_core.shell:Creating prefix script '/home/pi31415/turtlesim_plus_ws/src/turtlesim_plus/turtlesim_plus/install/local_setup.ps1'
[0.524s] INFO:colcon.colcon_core.shell:Creating prefix util module '/home/pi31415/turtlesim_plus_ws/src/turtlesim_plus/turtlesim_plus/install/_local_setup_util_ps1.py'
[0.525s] INFO:colcon.colcon_core.shell:Creating prefix chain script '/home/pi31415/turtlesim_plus_ws/src/turtlesim_plus/turtlesim_plus/install/setup.ps1'
[0.527s] INFO:colcon.colcon_core.shell:Creating prefix script '/home/pi31415/turtlesim_plus_ws/src/turtlesim_plus/turtlesim_plus/install/local_setup.sh'
[0.527s] INFO:colcon.colcon_core.shell:Creating prefix util module '/home/pi31415/turtlesim_plus_ws/src/turtlesim_plus/turtlesim_plus/install/_local_setup_util_sh.py'
[0.527s] INFO:colcon.colcon_core.shell:Creating prefix chain script '/home/pi31415/turtlesim_plus_ws/src/turtlesim_plus/turtlesim_plus/install/setup.sh'
[0.529s] INFO:colcon.colcon_core.shell:Creating prefix script '/home/pi31415/turtlesim_plus_ws/src/turtlesim_plus/turtlesim_plus/install/local_setup.bash'
[0.529s] INFO:colcon.colcon_core.shell:Creating prefix chain script '/home/pi31415/turtlesim_plus_ws/src/turtlesim_plus/turtlesim_plus/install/setup.bash'
[0.531s] INFO:colcon.colcon_core.shell:Creating prefix script '/home/pi31415/turtlesim_plus_ws/src/turtlesim_plus/turtlesim_plus/install/local_setup.zsh'
[0.531s] INFO:colcon.colcon_core.shell:Creating prefix chain script '/home/pi31415/turtlesim_plus_ws/src/turtlesim_plus/turtlesim_plus/install/setup.zsh'
